https://misio.ftj.agh.edu.pl/
https://misio.ftj.agh.edu.pl/media/misiofiles/be4cd3ce4611ca9f668cdfd7ae432c14.pdf
http://en.wikipedia.org/wiki/Password_cracking

http://seewhatyoudidthere.com/2010/02/18/how-the-blizzard-authenticators-work-and-why-you-want-one/
http://en.wikipedia.org/wiki/Secure_Remote_Password_protocol

http://en.wikipedia.org/wiki/Length_extension_attack

Wspomnieć o łamaniu playstationami
Wspomnieć o konkursie NIST
Research atak urodzinowy
Przykład o łamaniu CRC32

Wykorzystane:
http://en.wikipedia.org/wiki/Provably_secure_cryptographic_hash_function
http://www.cosic.esat.kuleuven.be/publications/article-1532.pdf
http://pl.wikipedia.org/wiki/Security_through_obscurity
http://pl.wikipedia.org/wiki/Funkcja_%22na%22
http://pl.wikipedia.org/wiki/Funkcja_skr%C3%B3tu
http://en.wikipedia.org/wiki/Hash_function
http://pl.wikipedia.org/wiki/Funkcja_jednokierunkowa
http://en.wikipedia.org/wiki/One-way_function
http://portalwiedzy.onet.pl/91014,,,,efekt_lawiny,haslo.html
http://download.openwall.net/pub/wordlists/languages/English/3-large/lower.gz

Problemy:
- liczba mnoga w pracy magisterskiej
- dodatek A ze znaczeniem operatorów. czy powinien zostać przeniesiony?
